[preflight] ok: glm/glm-5.3-flash stop=completed usage=173
2026-09-11 11:42:50 [r8g] lg-semantic started
2026-09-11 11:58:33 [r8g] lg-semantic done final=accepted-by-lead error=None wall=943s
[run lg-semantic] final=accepted-by-lead error=None wall=943s lead_tokens=51797 protocol_failures=0

==== 对照摘要 ====
{"run_id": "lg-semantic", "final": "accepted-by-lead", "error": null, "wall_seconds": 942.51, "tokens_total": 59410, "tokens_by_role": {"lead-decision": 2433, "worker": 2330, "lead-review": 16628, "cm": 5283, "lead-integration": 32736}, "review_calls": 2, "review_overlap": false, "worker_calls": 2, "worker_overlap": false, "protocol_failures": 0, "truncated_calls": 1, "ladder_escalations": 1}
{"run_id": "lg-hiddenreq", "final": "accepted-by-lead", "error": null, "wall_seconds": 620.32, "tokens_total": 38216, "tokens_by_role": {"lead-decision": 2590, "worker": 2267, "lead-review": 14146, "cm": 7160, "lead-integration": 12053}, "review_calls": 2, "review_overlap": false, "worker_calls": 2, "worker_overlap": false, "protocol_failures": 0, "truncated_calls": 0, "ladder_escalations": 0}
{"run_id": "lg-direct", "final": "single", "error": null, "wall_seconds": 44.18, "tokens_total": 2856, "tokens_by_role": {"lead-decision": 956, "worker": 324, "lead-integration": 1576}, "review_calls": 0, "review_overlap": null, "worker_calls": 1, "worker_overlap": null, "protocol_failures": 0, "truncated_calls": 0, "ladder_escalations": 0}
==== 交接证据 ====
{
  "lg-semantic": {
    "run_id": "lg-semantic",
    "downstream": [
      {
        "item": "wi-e883ac6069",
        "package_file": "wi-e883ac6069.6465a1fb47c7.md",
        "promoted": true,
        "has_summary_section": true,
        "has_trust_note": true,
        "has_atomic_layer": false,
        "terminal": "accepted"
      }
    ],
    "downstream_acceptance": "1/1"
  },
  "lg-longdoc": {
    "run_id": "lg-longdoc",
    "downstream": [
      {
        "item": "wi-2966f532aa",
        "package_file": null,
        "promoted": false,
        "has_summary_section": false,
        "has_trust_note": false,
        "has_atomic_layer": false,
        "terminal": null
      }
    ],
    "downstream_acceptance": "0/1"
  },
  "lg-hiddenreq": {
    "run_id": "lg-hiddenreq",
    "downstream": [
      {
        "item": "wi-b2c95ebd6a",
        "package_file": "wi-b2c95ebd6a.a9352538c3b6.md",
        "promoted": true,
        "has_summary_section": true,
        "has_trust_note": true,
        "has_atomic_layer": true,
        "terminal": "accepted"
      }
    ],
    "downstream_acceptance": "1/1"
  },
  "lg-direct": {
    "run_id": "lg-direct",
    "downstream": [],
    "downstream_acceptance": "0/0"
  }
}
