[preflight] ok: glm/glm-5.3-flash stop=completed usage=97
2026-09-11 11:42:47 [r8g] lg-direct started
2026-09-11 11:43:31 [r8g] lg-direct done final=single error=None wall=44s
[run lg-direct] final=single error=None wall=44s lead_tokens=2856 protocol_failures=0

==== 对照摘要 ====
{"run_id": "lg-direct", "final": "single", "error": null, "wall_seconds": 44.18, "tokens_total": 2856, "tokens_by_role": {"lead-decision": 956, "worker": 324, "lead-integration": 1576}, "review_calls": 0, "review_overlap": null, "worker_calls": 1, "worker_overlap": null, "protocol_failures": 0, "truncated_calls": 0, "ladder_escalations": 0}
==== 交接证据 ====
{
  "lg-semantic": {
    "run_id": "lg-semantic",
    "downstream": [
      {
        "item": "wi-e883ac6069",
        "package_file": null,
        "promoted": false,
        "has_summary_section": false,
        "has_trust_note": false,
        "has_atomic_layer": false,
        "terminal": null
      }
    ],
    "downstream_acceptance": "0/1"
  },
  "lg-longdoc": {
    "run_id": "lg-longdoc",
    "downstream": [],
    "downstream_acceptance": "0/0"
  },
  "lg-hiddenreq": {
    "run_id": "lg-hiddenreq",
    "downstream": [
      {
        "item": "wi-b2c95ebd6a",
        "package_file": null,
        "promoted": false,
        "has_summary_section": false,
        "has_trust_note": false,
        "has_atomic_layer": false,
        "terminal": null
      }
    ],
    "downstream_acceptance": "0/1"
  },
  "lg-direct": {
    "run_id": "lg-direct",
    "downstream": [],
    "downstream_acceptance": "0/0"
  }
}
